App.tsx(124,15): error TS2322: Type '(vehicle: import("D:/Glass-Dashboard-with-Media-Player-and-Calendar/types/index").Vehicle) => void' is not assignable to type '(vehicle: Vehicle) => void'.
  Types of parameters 'vehicle' and 'vehicle' are incompatible.
    Type 'Vehicle' is missing the following properties from type 'Vehicle': vin, features, images, createdAt, and 4 more.
App.tsx(125,15): error TS2322: Type 'string[]' is not assignable to type 'number[]'.
  Type 'string' is not assignable to type 'number'.
App.tsx(126,15): error TS2322: Type '(media: import("D:/Glass-Dashboard-with-Media-Player-and-Calendar/types/index").MediaItem) => void' is not assignable to type '(media: MediaItem) => void'.
  Types of parameters 'media' and 'media' are incompatible.
    Type 'MediaItem' is not assignable to type 'import("D:/Glass-Dashboard-with-Media-Player-and-Calendar/types/index").MediaItem'.
      Types of property 'id' are incompatible.
        Type 'number' is not assignable to type 'string'.
App.tsx(142,27): error TS2322: Type 'import("D:/Glass-Dashboard-with-Media-Player-and-Calendar/types/index").Vehicle | null' is not assignable to type 'Vehicle | null'.
  Type 'Vehicle' is missing the following properties from type 'Vehicle': type, mediaUrl, thumbnail
components/CustomerVideoPlayer.tsx(34,5): error TS2322: Type '"available"' is not assignable to type 'VehicleStatus'.
components/CustomerVideoPlayer.tsx(63,5): error TS2322: Type '"available"' is not assignable to type 'VehicleStatus'.
components/ShowroomNavigationButtons.tsx(9,23): error TS2307: Cannot find module 'sonner@2.0.3' or its corresponding type declarations.
components/ui/alert.tsx(2,40): error TS2307: Cannot find module 'class-variance-authority@0.7.1' or its corresponding type declarations.
components/ui/badge.tsx(2,22): error TS2307: Cannot find module '@radix-ui/react-slot@1.1.2' or its corresponding type declarations.
components/ui/badge.tsx(3,40): error TS2307: Cannot find module 'class-variance-authority@0.7.1' or its corresponding type declarations.
components/ui/button.tsx(2,22): error TS2307: Cannot find module '@radix-ui/react-slot@1.1.2' or its corresponding type declarations.
components/ui/button.tsx(3,40): error TS2307: Cannot find module 'class-variance-authority@0.7.1' or its corresponding type declarations.
components/ui/pagination.tsx(75,7): error TS2783: 'size' is specified more than once, so this usage will be overwritten.
components/ui/pagination.tsx(92,7): error TS2783: 'size' is specified more than once, so this usage will be overwritten.
components/ui/sidebar.tsx(4,22): error TS2307: Cannot find module '@radix-ui/react-slot@1.1.2' or its corresponding type declarations.
components/ui/sidebar.tsx(8,8): error TS2307: Cannot find module 'class-variance-authority@0.7.1' or its corresponding type declarations.
components/ui/sidebar.tsx(299,17): error TS7006: Parameter 'event' implicitly has an 'any' type.
ShowroomApp.tsx(99,13): error TS2322: Type 'number[]' is not assignable to type 'string[]'.
  Type 'number' is not assignable to type 'string'.
ShowroomApp.tsx(100,13): error TS2322: Type '(vehicleIds: number[]) => void' is not assignable to type '(vehicleIds: string[]) => void'.
  Types of parameters 'vehicleIds' and 'vehicleIds' are incompatible.
    Type 'string[]' is not assignable to type 'number[]'.
      Type 'string' is not assignable to type 'number'.
ShowroomApp.tsx(101,13): error TS2322: Type 'Vehicle | null' is not assignable to type 'import("D:/Glass-Dashboard-with-Media-Player-and-Calendar/types/index").Vehicle | null'.
  Type 'Vehicle' is missing the following properties from type 'Vehicle': vin, features, images, createdAt, and 4 more.
ShowroomApp.tsx(102,13): error TS2322: Type '(media: MediaItem) => void' is not assignable to type '(media: import("D:/Glass-Dashboard-with-Media-Player-and-Calendar/types/index").MediaItem) => void'.
  Types of parameters 'media' and 'media' are incompatible.
    Type 'import("D:/Glass-Dashboard-with-Media-Player-and-Calendar/types/index").MediaItem' is not assignable to type 'MediaItem'.
      Types of property 'id' are incompatible.
        Type 'string' is not assignable to type 'number'.
